// Jest Snapshot v1, https://goo.gl/fbAQLP

exports[`Loads the home page and matches the snapshot 1`] = `[Function]`;
